
==========================================
✅ UCOMP Survey Server is RUNNING
🌐 Open http://localhost:3000 in your browser
📁 Data will be saved to: /Users/jochangi/Desktop/Workspaces/Ucomp/SurveyGit/data
==========================================

Press Ctrl+C to stop the server.
[2026-08-10T02:26:55.274Z] GET /api/list?env=staging
(node:58081) [DEP0169] DeprecationWarning: `url.parse()` behavior is not standardized and prone to errors that have security implications. Use the WHATWG URL API instead. CVEs are not issued for `url.parse()` vulnerabilities.
(Use `node --trace-deprecation ...` to show where the warning was created)
[2026-08-10T02:26:58.465Z] GET /api/list?env=prod
[2026-08-10T02:27:00.644Z] GET /api/load?projectId=legacy-prod&env=staging
[2026-08-10T02:27:15.334Z] GET /api/list?env=prod
[2026-08-10T02:27:18.346Z] GET /api/list?env=staging
[2026-08-10T02:27:19.585Z] GET /api/list?env=prod
[2026-08-10T02:27:24.528Z] GET /api/list?env=staging
[2026-08-10T02:27:28.565Z] GET /api/list?env=prod
[2026-08-10T02:27:46.205Z] GET /api/load?projectId=project&env=staging
[2026-08-10T02:27:47.867Z] GET /api/load?projectId=project&env=staging
[2026-08-10T02:28:24.616Z] GET /api/list?env=staging
[2026-08-10T02:29:59.201Z] GET /api/load?projectId=legacy-staging&env=staging
[2026-08-10T02:30:08.504Z] GET /api/list?env=prod
[2026-08-10T02:30:10.443Z] GET /api/load?projectId=legacy-prod&env=staging
[2026-08-10T02:30:48.562Z] GET /api/load?projectId=legacy-prod&env=staging
[2026-08-10T02:30:49.061Z] GET /api/load?projectId=legacy-prod&env=staging
[2026-08-10T02:35:46.106Z] GET /api/list?env=staging
[2026-08-10T02:36:49.287Z] GET /api/load?projectId=legacy-staging&env=staging
[2026-08-10T02:36:49.595Z] GET /api/load?projectId=legacy-staging&env=staging
[2026-08-10T02:36:49.934Z] GET /api/load?projectId=legacy-staging&env=staging
[2026-08-10T02:36:49.976Z] GET /api/load?projectId=legacy-staging&env=staging
[2026-08-10T02:36:50.235Z] GET /api/load?projectId=legacy-staging&env=staging
[2026-08-10T02:36:50.276Z] GET /api/load?projectId=legacy-staging&env=staging
[2026-08-10T02:38:37.988Z] GET /api/load?projectId=legacy&env=staging
[2026-08-10T02:38:38.327Z] GET /api/load?projectId=legacy&env=staging
[2026-08-10T02:39:04.196Z] GET /api/load?projectId=kakao&env=staging
[2026-08-10T02:39:04.508Z] GET /api/load?projectId=kakao&env=staging
[2026-08-10T02:39:14.886Z] GET /api/load?projectId=kakao&env=staging
[2026-08-10T02:39:14.926Z] GET /api/load?projectId=kakao&env=staging
[2026-08-10T02:39:51.149Z] GET /api/load?projectId=kakao&env=staging
[2026-08-10T02:39:51.189Z] GET /api/load?projectId=kakao&env=staging
[2026-08-10T02:40:15.877Z] GET /api/load?projectId=cleareye&env=staging
[2026-08-10T02:40:16.225Z] GET /api/load?projectId=cleareye&env=staging
[2026-08-10T02:40:58.728Z] GET /api/load?projectId=cleareye&env=staging
[2026-08-10T02:40:58.777Z] GET /api/load?projectId=cleareye&env=staging
[2026-08-10T02:41:47.618Z] GET /api/load?projectId=cleareye&env=staging
[2026-08-10T02:41:47.949Z] GET /api/load?projectId=cleareye&env=staging
[2026-08-10T02:42:15.540Z] GET /api/load?projectId=cleareye&env=staging
[2026-08-10T02:42:15.594Z] GET /api/load?projectId=cleareye&env=staging
[2026-08-10T02:42:51.670Z] GET /api/load?projectId=cleareye&env=staging
[2026-08-10T02:42:52.079Z] GET /api/load?projectId=cleareye&env=staging
[2026-08-10T02:43:56.919Z] GET /api/load?projectId=text_kakao&env=staging
[2026-08-10T02:43:57.237Z] GET /api/load?projectId=text_kakao&env=staging
[2026-08-10T02:44:04.469Z] GET /api/load?projectId=text_kakao&env=staging
[2026-08-10T02:44:04.509Z] GET /api/load?projectId=text_kakao&env=staging
[2026-08-10T02:44:44.281Z] POST /api/save
[2026-08-10T02:44:44.360Z] GET /api/load?projectId=text_kakao&env=staging
[2026-08-10T02:44:45.131Z] GET /api/load?projectId=text_kakao&env=staging
[2026-08-10T02:44:45.170Z] GET /api/load?projectId=text_kakao&env=staging
[2026-08-10T02:45:36.142Z] GET /api/list?env=staging
[2026-08-10T02:46:09.641Z] GET /api/list?env=staging
[2026-08-10T02:46:16.383Z] GET /api/list?env=prod
[2026-08-10T02:46:18.791Z] GET /api/list?env=staging
[2026-08-10T02:46:27.691Z] GET /api/list?env=prod
[2026-08-10T02:49:12.135Z] GET /api/list?env=staging
[2026-08-10T02:49:19.595Z] GET /api/list?env=prod
[2026-08-10T02:49:20.961Z] GET /api/list?env=staging
[2026-08-10T02:49:38.074Z] GET /api/load?projectId=text_kakao&env=staging
[2026-08-10T02:50:13.903Z] GET /api/load?projectId=text_kakao&env=staging
[2026-08-10T02:50:27.027Z] GET /api/load?projectId=text_kakao&env=staging
[2026-08-10T02:53:20.945Z] GET /api/list?env=staging
[2026-08-10T02:55:18.335Z] GET /api/list?env=staging
[2026-08-10T02:57:09.327Z] GET /api/list?env=staging
[2026-08-10T02:57:35.172Z] GET /api/load?projectId=text_kakao&env=staging
[2026-08-10T02:57:35.481Z] GET /api/load?projectId=text_kakao&env=staging
[2026-08-10T02:57:47.721Z] GET /api/load?projectId=text_kakao&env=staging
[2026-08-10T02:57:47.761Z] GET /api/load?projectId=text_kakao&env=staging
[2026-08-10T02:57:54.231Z] GET /api/load?projectId=text_kakao&env=staging
[2026-08-10T02:57:54.272Z] GET /api/load?projectId=text_kakao&env=staging
[2026-08-10T02:57:54.732Z] GET /api/load?projectId=text_kakao&env=staging
[2026-08-10T02:57:54.771Z] GET /api/load?projectId=text_kakao&env=staging
[2026-08-10T02:59:28.744Z] GET /api/list?env=staging
[2026-08-10T02:59:44.501Z] GET /api/list?env=staging
[2026-08-10T02:59:53.684Z] GET /api/list?env=staging
[2026-08-10T03:07:48.421Z] GET /
[2026-08-10T03:07:48.737Z] GET /config.js
[2026-08-10T03:07:48.744Z] GET /script.js
[2026-08-10T03:07:48.745Z] GET /style.css
[2026-08-10T03:08:08.440Z] GET /admin
[2026-08-10T03:08:08.778Z] GET /favicon.ico
[2026-08-10T03:08:12.446Z] GET /admin.html
[2026-08-10T03:08:12.763Z] GET /style.css
[2026-08-10T03:08:12.765Z] GET /config.js
[2026-08-10T03:08:12.766Z] GET /script.js
[2026-08-10T03:08:12.807Z] GET /script_admin.js
[2026-08-10T03:08:17.197Z] GET /api/list?env=staging
[2026-08-10T03:16:48.146Z] GET /admin.html
[2026-08-10T03:16:48.482Z] GET /style.css
[2026-08-10T03:16:48.485Z] GET /config.js
[2026-08-10T03:16:48.487Z] GET /script.js
[2026-08-10T03:16:48.571Z] GET /script_admin.js
[2026-08-10T03:16:48.928Z] GET /favicon.svg
[2026-08-10T03:16:54.859Z] GET /
[2026-08-10T03:16:55.173Z] GET /style.css
[2026-08-10T03:16:55.174Z] GET /config.js
[2026-08-10T03:16:55.176Z] GET /script.js
[2026-08-10T03:17:16.579Z] GET /
[2026-08-10T03:17:16.622Z] GET /script.js
[2026-08-10T03:17:16.623Z] GET /style.css
[2026-08-10T03:17:16.626Z] GET /config.js
[2026-08-10T03:17:16.718Z] GET /favicon.svg
[2026-08-10T03:17:18.778Z] GET /
[2026-08-10T03:17:18.819Z] GET /style.css
[2026-08-10T03:17:18.820Z] GET /config.js
[2026-08-10T03:17:18.828Z] GET /script.js
[2026-08-10T03:17:18.958Z] GET /favicon.svg
[2026-08-10T03:17:20.789Z] GET /style.css
[2026-08-10T03:17:24.358Z] GET /
[2026-08-10T03:17:24.403Z] GET /config.js
[2026-08-10T03:17:24.403Z] GET /style.css
[2026-08-10T03:17:24.449Z] GET /script.js
[2026-08-10T03:17:24.605Z] GET /favicon.svg
