2026-08-10T03:22:10Z INF Thank you for trying Cloudflare Tunnel. Doing so, without a Cloudflare account, is a quick way to experiment and try it out. However, be aware that these account-less Tunnels have no uptime guarantee, are subject to the Cloudflare Online Services Terms of Use (https://www.cloudflare.com/website-terms/), and Cloudflare reserves the right to investigate your use of Tunnels for violations of such terms. If you intend to use Tunnels in production you should use a pre-created named tunnel by following: https://developers.cloudflare.com/cloudflare-one/connections/connect-apps
2026-08-10T03:22:10Z INF Requesting new quick Tunnel on trycloudflare.com...
2026-08-10T03:22:14Z INF +--------------------------------------------------------------------------------------------+
2026-08-10T03:22:14Z INF |  Your quick Tunnel has been created! Visit it at (it may take some time to be reachable):  |
2026-08-10T03:22:14Z INF |  https://divx-tender-generate-clicking.trycloudflare.com                                   |
2026-08-10T03:22:14Z INF +--------------------------------------------------------------------------------------------+
2026-08-10T03:22:14Z INF Cannot determine default configuration path. No file [config.yml config.yaml] in [~/.cloudflared ~/.cloudflare-warp ~/cloudflare-warp /etc/cloudflared /usr/local/etc/cloudflared]
2026-08-10T03:22:14Z INF Version 2026.7.3 (Checksum f35c50089cd25f77a4cb5a2152036bc26db15aa31fbe11f7995d2e42a4ed6257)
2026-08-10T03:22:14Z INF GOOS: darwin, GOVersion: go1.26.2, GoArch: arm64
2026-08-10T03:22:14Z INF Settings: map[ha-connections:1 protocol:quic url:http://localhost:3001]
2026-08-10T03:22:14Z INF Autoupdate frequency is set autoupdateFreq=86400000
2026-08-10T03:22:14Z INF Generated Connector ID: f8878362-8b93-4c1c-a264-74472d621f66
2026-08-10T03:22:14Z INF Initial protocol quic
2026-08-10T03:22:14Z INF ICMP proxy will use 192.168.0.221 as source for IPv4
2026-08-10T03:22:14Z INF ICMP proxy will use fe80::1c3c:b39c:4031:eed2 in zone en0 as source for IPv6
2026-08-10T03:22:14Z INF Created ICMP proxy listening on 192.168.0.221:0
2026-08-10T03:22:14Z INF ICMP proxy will use 192.168.0.221 as source for IPv4
2026-08-10T03:22:14Z INF ICMP proxy will use fe80::1c3c:b39c:4031:eed2 in zone en0 as source for IPv6
2026-08-10T03:22:14Z INF Starting metrics server on 127.0.0.1:20242/metrics
2026-08-10T03:22:14Z INF Tunnel connection curve preferences: [X25519MLKEM768 CurveID(65074) CurveP256] connIndex=0 event=0 ip=198.41.200.33
2026-08-10T03:22:14Z INF Registered tunnel connection connIndex=0 connection=d359f94a-a6ee-4bb6-8616-cab21f0f6288 event=0 ip=198.41.200.33 location=icn05 protocol=quic
2026-08-10T03:22:20Z INF +-------------------------------------------------------------------------------------+
2026-08-10T03:22:20Z INF |                               CONNECTIVITY PRE-CHECKS                               |
2026-08-10T03:22:20Z INF +-------------------------------------------------------------------------------------+
2026-08-10T03:22:20Z INF |  COMPONENT         TARGET                     STATUS  DETAILS                       |
2026-08-10T03:22:20Z INF |  DNS Resolution    region1.v2.argotunnel.com  PASS    DNS Resolved successfully     |
2026-08-10T03:22:20Z INF |  DNS Resolution    region2.v2.argotunnel.com  PASS    DNS Resolved successfully     |
2026-08-10T03:22:20Z INF |  UDP Connectivity  region1.v2.argotunnel.com  PASS    QUIC connection successful    |
2026-08-10T03:22:20Z INF |  UDP Connectivity  region2.v2.argotunnel.com  PASS    QUIC connection successful    |
2026-08-10T03:22:20Z INF |  TCP Connectivity  region1.v2.argotunnel.com  PASS    HTTP/2 connection successful  |
2026-08-10T03:22:20Z INF |  TCP Connectivity  region2.v2.argotunnel.com  PASS    HTTP/2 connection successful  |
2026-08-10T03:22:20Z INF |  Cloudflare API    api.cloudflare.com:443     PASS    API is reachable              |
2026-08-10T03:22:20Z INF |                                                                                     |
2026-08-10T03:22:20Z INF |  SUMMARY: Environment is healthy. cloudflared will use 'quic' as primary protocol.  |
2026-08-10T03:22:20Z INF +-------------------------------------------------------------------------------------+
2026-08-10T03:22:20Z INF precheck component="DNS Resolution" details="DNS Resolved successfully" run_id=88c5b424-4e1c-41e5-be8f-b5ffce2ec751 status=pass target=region1.v2.argotunnel.com
2026-08-10T03:22:20Z INF precheck component="DNS Resolution" details="DNS Resolved successfully" run_id=88c5b424-4e1c-41e5-be8f-b5ffce2ec751 status=pass target=region2.v2.argotunnel.com
2026-08-10T03:22:20Z INF precheck component="UDP Connectivity" details="QUIC connection successful" run_id=88c5b424-4e1c-41e5-be8f-b5ffce2ec751 status=pass target=region1.v2.argotunnel.com
2026-08-10T03:22:20Z INF precheck component="UDP Connectivity" details="QUIC connection successful" run_id=88c5b424-4e1c-41e5-be8f-b5ffce2ec751 status=pass target=region2.v2.argotunnel.com
2026-08-10T03:22:20Z INF precheck component="TCP Connectivity" details="HTTP/2 connection successful" run_id=88c5b424-4e1c-41e5-be8f-b5ffce2ec751 status=pass target=region1.v2.argotunnel.com
2026-08-10T03:22:20Z INF precheck component="TCP Connectivity" details="HTTP/2 connection successful" run_id=88c5b424-4e1c-41e5-be8f-b5ffce2ec751 status=pass target=region2.v2.argotunnel.com
2026-08-10T03:22:20Z INF precheck component="Cloudflare API" details="API is reachable" run_id=88c5b424-4e1c-41e5-be8f-b5ffce2ec751 status=pass target=api.cloudflare.com:443
2026-08-10T03:22:20Z INF precheck complete hard_fail=false run_id=88c5b424-4e1c-41e5-be8f-b5ffce2ec751 suggested_protocol=quic
